// Jest Snapshot v1, https://goo.gl/fbAQLP

exports[`renders ApiPane snapshot 1`] = `
<DocumentFragment>
  <div
    class="MuiGrid-root css-1hq8d8z MuiGrid-item"
  >
    <h1
      class="MuiTypography-root MuiTypography-h1"
    >
      Latest menus:
    </h1>
    0
  </div>
</DocumentFragment>
`;
