// Jest Snapshot v1, https://goo.gl/fbAQLP

exports[`ApiPane fires api call on button click 1`] = `
"Snapshot Diff:
Compared values have no visual difference."
`;

exports[`renders ApiPane snapshot 1`] = `
<DocumentFragment>
  <div
    class="MuiGrid-root css-1hq8d8z MuiGrid-item"
  >
    <div
      class="MuiBox-root MuiBox-root-105 css-irufoq"
    >
      <h1>
        Get Menu List
      </h1>
      <button
        class="MuiButtonBase-root MuiButton-root MuiButton-text"
        tabindex="0"
        type="button"
      >
        <span
          class="MuiButton-label"
        >
          get
        </span>
        <span
          class="MuiTouchRipple-root"
        />
      </button>
    </div>
  </div>
</DocumentFragment>
`;
