// Jest Snapshot v1, https://goo.gl/fbAQLP

exports[`renders BlogLanding snapshot 1`] = `
<DocumentFragment>
  <h2
    class="MuiTypography-root MuiTypography-h5"
  >
    Yumido Blog
  </h2>
  <br />
</DocumentFragment>
`;
