// Jest Snapshot v1, https://goo.gl/fbAQLP

exports[`With React Testing Library Snapshot renders page 1`] = `
<DocumentFragment>
  <div>
    Welcome to Stacks-react app! your current environemnt is: test
  </div>
</DocumentFragment>
`;
