// Jest Snapshot v1, https://goo.gl/fbAQLP

exports[`With React Testing Library Snapshot renders page 1`] = `
<DocumentFragment>
  <div
    class="MuiGrid-root css-1knxyyj MuiGrid-container"
  >
    <header
      class="MuiPaper-root MuiAppBar-root MuiAppBar-positionFixed MuiAppBar-colorSecondary mui-fixed MuiPaper-elevation4"
    >
      <div
        class="MuiToolbar-root MuiToolbar-regular MuiToolbar-gutters"
      >
        <h2
          class="MuiTypography-root MuiTypography-h2"
          style="margin: 0px auto;"
        >
          <a
            class="css-15rvyqs"
          >
            Yumido
          </a>
        </h2>
        <button
          aria-label="create menu button"
          class="MuiButtonBase-root MuiFab-root MuiFab-sizeSmall MuiFab-primary"
          tabindex="0"
          title="Create menu"
          type="button"
        >
          <span
            class="MuiFab-label"
          >
            <svg
              aria-hidden="true"
              class="MuiSvgIcon-root"
              data-testid="create_button"
              focusable="false"
              role="presentation"
              viewBox="0 0 24 24"
            >
              <path
                d="M19 13h-6v6h-2v-6H5v-2h6V5h2v6h6v2z"
              />
            </svg>
          </span>
          <span
            class="MuiTouchRipple-root"
          />
        </button>
      </div>
    </header>
    <main>
      <br />
      <div
        class="MuiContainer-root MuiContainer-maxWidthSm"
      >
        <div
          class="MuiBox-root MuiBox-root-510"
        >
          <div
            class="MuiFormControl-root MuiTextField-root MuiFormControl-marginNormal MuiFormControl-fullWidth"
            data-testid="search_btn"
          >
            <label
              class="MuiFormLabel-root MuiInputLabel-root MuiInputLabel-formControl MuiInputLabel-animated MuiInputLabel-outlined"
              data-shrink="false"
              for="search-bar"
              id="search-bar-label"
            >
              Search Menus
            </label>
            <div
              class="MuiInputBase-root MuiOutlinedInput-root MuiInputBase-fullWidth MuiInputBase-formControl"
            >
              <input
                aria-invalid="false"
                class="MuiInputBase-input MuiOutlinedInput-input MuiInputBase-inputTypeSearch"
                id="search-bar"
                name="SearchTerm"
                type="search"
                value=""
              />
              <fieldset
                aria-hidden="true"
                class="PrivateNotchedOutline-root-569 MuiOutlinedInput-notchedOutline"
              >
                <legend
                  class="PrivateNotchedOutline-legendLabelled-571"
                >
                  <span>
                    Search Menus
                  </span>
                </legend>
              </fieldset>
            </div>
          </div>
        </div>
      </div>
      <div
        class="MuiGrid-root css-t7xmz MuiGrid-item"
      >
        <h1
          class="MuiTypography-root MuiTypography-h1"
        >
          Latest menus:
        </h1>
        <h2
          class="MuiTypography-root MuiTypography-h2"
        >
          No results
        </h2>
      </div>
    </main>
  </div>
</DocumentFragment>
`;
