// Jest Snapshot v1, https://goo.gl/fbAQLP

exports[`renders ApiPane snapshot 1`] = `
<DocumentFragment>
  <br />
  <h1 />
  <div>
    <div>
      <time
        datetime="01 Jan 1970 00:00:00 GMT"
      >
        01-01-1970
      </time>
    </div>
  </div>
  <div
    class="css-wdz4ep"
  >
    <img
      class="css-1s0bohf"
      title=""
    />
  </div>
</DocumentFragment>
`;
