// Jest Snapshot v1, https://goo.gl/fbAQLP

exports[`renders ApiPane snapshot 1`] = `<DocumentFragment />`;
